<?xml version="1.0" encoding="utf-8"?>
<TestRun id="a20cf271-822b-4b9b-a078-16afb8690b3c" name="brand@BRANDONWINDOWS 2025-09-17 18:19:40" runUser="BRANDONWINDOWS\brand" xmlns="http://microsoft.com/schemas/VisualStudio/TeamTest/2010">
  <Times creation="2025-09-17T18:19:40.5867489+02:00" queuing="2025-09-17T18:19:40.5867493+02:00" start="2025-09-17T18:19:35.7176694+02:00" finish="2025-09-17T18:19:50.4276029+02:00" />
  <TestSettings name="default" id="4332c8e7-0175-4e8c-adfd-fe5135fffc56">
    <Deployment runDeploymentRoot="brand_BRANDONWINDOWS_2025-09-17_18_19_40" />
  </TestSettings>
  <Results>
    <UnitTestResult executionId="e649d0ef-151c-48ec-adf3-6c1bcd96402c" testId="cdd84f2d-58df-42ef-dda5-f2398b337e5d" testName="AuthenticationAPI.IntegrationTests.LogoutAllTests.LogoutAll_Revokes_Sessions_And_Invalidates_Tokens" computerName="BRANDONWINDOWS" duration="00:00:06.2905109" startTime="2025-09-17T18:19:42.4959614+02:00" endTime="2025-09-17T18:19:42.4959617+02:00" testType="13cdc9d9-ddb5-4fa4-a97d-d965ccfc6d4b" outcome="Failed" testListId="8c84fa94-04c1-424b-9868-57a2d4851a1d" relativeResultsDirectory="e649d0ef-151c-48ec-adf3-6c1bcd96402c">
      <Output>
        <ErrorInfo>
          <Message>Expected logoutAll.StatusCode to be HttpStatusCode.OK {value: 200}, but found HttpStatusCode.Unauthorized {value: 401}.</Message>
          <StackTrace>   at FluentAssertions.Execution.XUnit2TestFramework.Throw(String message)&#xD;
   at FluentAssertions.Execution.TestFrameworkProvider.Throw(String message)&#xD;
   at FluentAssertions.Execution.DefaultAssertionStrategy.HandleFailure(String message)&#xD;
   at FluentAssertions.Execution.AssertionScope.FailWith(Func`1 failReasonFunc)&#xD;
   at FluentAssertions.Execution.AssertionScope.FailWith(Func`1 failReasonFunc)&#xD;
   at FluentAssertions.Execution.AssertionScope.FailWith(String message, Object[] args)&#xD;
   at FluentAssertions.Primitives.EnumAssertions`2.Be(TEnum expected, String because, Object[] becauseArgs)&#xD;
   at AuthenticationAPI.IntegrationTests.LogoutAllTests.LogoutAll_Revokes_Sessions_And_Invalidates_Tokens() in C:\Users\brand\Desktop\BCMTrac Auth Service\AuthenticationAPI\AuthenticationAPI.IntegrationTests\LogoutAllTests.cs:line 41&#xD;
--- End of stack trace from previous location ---</StackTrace>
        </ErrorInfo>
      </Output>
    </UnitTestResult>
    <UnitTestResult executionId="899d0d33-ebb1-447f-893e-de13f93c32a4" testId="45009dc2-643a-a311-3501-488a65d38e65" testName="AuthenticationAPI.IntegrationTests.AdminAndMoreTests.Admin_Sessions_List_Revoke_One_And_All" computerName="BRANDONWINDOWS" duration="00:00:05.3648352" startTime="2025-09-17T18:19:45.9241219+02:00" endTime="2025-09-17T18:19:45.9241220+02:00" testType="13cdc9d9-ddb5-4fa4-a97d-d965ccfc6d4b" outcome="Failed" testListId="8c84fa94-04c1-424b-9868-57a2d4851a1d" relativeResultsDirectory="899d0d33-ebb1-447f-893e-de13f93c32a4">
      <Output>
        <ErrorInfo>
          <Message>Expected list.StatusCode to be HttpStatusCode.OK {value: 200}, but found HttpStatusCode.Unauthorized {value: 401}.</Message>
          <StackTrace>   at FluentAssertions.Execution.XUnit2TestFramework.Throw(String message)&#xD;
   at FluentAssertions.Execution.TestFrameworkProvider.Throw(String message)&#xD;
   at FluentAssertions.Execution.DefaultAssertionStrategy.HandleFailure(String message)&#xD;
   at FluentAssertions.Execution.AssertionScope.FailWith(Func`1 failReasonFunc)&#xD;
   at FluentAssertions.Execution.AssertionScope.FailWith(Func`1 failReasonFunc)&#xD;
   at FluentAssertions.Execution.AssertionScope.FailWith(String message, Object[] args)&#xD;
   at FluentAssertions.Primitives.EnumAssertions`2.Be(TEnum expected, String because, Object[] becauseArgs)&#xD;
   at AuthenticationAPI.IntegrationTests.AdminAndMoreTests.Admin_Sessions_List_Revoke_One_And_All() in C:\Users\brand\Desktop\BCMTrac Auth Service\AuthenticationAPI\AuthenticationAPI.IntegrationTests\AdminAndMoreTests.cs:line 141&#xD;
--- End of stack trace from previous location ---</StackTrace>
        </ErrorInfo>
      </Output>
    </UnitTestResult>
    <UnitTestResult executionId="1af8f7a3-8739-4dff-8a07-fd64a972e2a8" testId="94fe9652-9d0a-b763-45ff-17185bda1fef" testName="AuthenticationAPI.IntegrationTests.MfaFlowTests.Enable_MFA_Login_With_Totp_Then_Disable" computerName="BRANDONWINDOWS" duration="00:00:06.0545286" startTime="2025-09-17T18:19:42.2748267+02:00" endTime="2025-09-17T18:19:42.2748271+02:00" testType="13cdc9d9-ddb5-4fa4-a97d-d965ccfc6d4b" outcome="Failed" testListId="8c84fa94-04c1-424b-9868-57a2d4851a1d" relativeResultsDirectory="1af8f7a3-8739-4dff-8a07-fd64a972e2a8">
      <Output>
        <ErrorInfo>
          <Message>System.Collections.Generic.KeyNotFoundException : The given key was not present in the dictionary.</Message>
          <StackTrace>   at System.Text.Json.JsonElement.GetProperty(String propertyName)&#xD;
   at AuthenticationAPI.IntegrationTests.MfaFlowTests.Enable_MFA_Login_With_Totp_Then_Disable() in C:\Users\brand\Desktop\BCMTrac Auth Service\AuthenticationAPI\AuthenticationAPI.IntegrationTests\MfaFlowTests.cs:line 63&#xD;
--- End of stack trace from previous location ---</StackTrace>
        </ErrorInfo>
      </Output>
    </UnitTestResult>
    <UnitTestResult executionId="f477f13e-503c-46e6-a8ca-837425f907d1" testId="c09fbd12-0990-68aa-4ba0-b4b4d447d56d" testName="AuthenticationAPI.IntegrationTests.AdminAndMoreTests.Admin_Roles_Add_Remove" computerName="BRANDONWINDOWS" duration="00:00:01.6525578" startTime="2025-09-17T18:19:47.5770838+02:00" endTime="2025-09-17T18:19:47.5770840+02:00" testType="13cdc9d9-ddb5-4fa4-a97d-d965ccfc6d4b" outcome="Failed" testListId="8c84fa94-04c1-424b-9868-57a2d4851a1d" relativeResultsDirectory="f477f13e-503c-46e6-a8ca-837425f907d1">
      <Output>
        <ErrorInfo>
          <Message>System.Net.Http.HttpRequestException : Response status code does not indicate success: 401 (Unauthorized).</Message>
          <StackTrace>   at System.Net.Http.HttpResponseMessage.EnsureSuccessStatusCode()&#xD;
   at AuthenticationAPI.IntegrationTests.AdminAndMoreTests.Admin_Roles_Add_Remove() in C:\Users\brand\Desktop\BCMTrac Auth Service\AuthenticationAPI\AuthenticationAPI.IntegrationTests\AdminAndMoreTests.cs:line 96&#xD;
--- End of stack trace from previous location ---</StackTrace>
        </ErrorInfo>
      </Output>
    </UnitTestResult>
    <UnitTestResult executionId="728f396e-44d0-4fec-bfa3-3725b5dbcdb5" testId="91640fe6-719d-c0c2-99df-9fc6bab07aea" testName="AuthenticationAPI.IntegrationTests.AdminAndMoreTests.Bridge_Headers_Present_On_Login_And_Refresh" computerName="BRANDONWINDOWS" duration="00:00:00.6313285" startTime="2025-09-17T18:19:48.2086171+02:00" endTime="2025-09-17T18:19:48.2086172+02:00" testType="13cdc9d9-ddb5-4fa4-a97d-d965ccfc6d4b" outcome="Passed" testListId="8c84fa94-04c1-424b-9868-57a2d4851a1d" relativeResultsDirectory="728f396e-44d0-4fec-bfa3-3725b5dbcdb5" />
    <UnitTestResult executionId="110f6a28-7ddc-4ff8-b447-bbc9acd4309f" testId="975e6b21-b9d8-28b2-109e-75a958987d7f" testName="AuthenticationAPI.IntegrationTests.AdminLockUnlockTests.Admin_Locks_And_Unlocks_User" computerName="BRANDONWINDOWS" duration="00:00:06.2868861" startTime="2025-09-17T18:19:42.4914367+02:00" endTime="2025-09-17T18:19:42.4914369+02:00" testType="13cdc9d9-ddb5-4fa4-a97d-d965ccfc6d4b" outcome="Failed" testListId="8c84fa94-04c1-424b-9868-57a2d4851a1d" relativeResultsDirectory="110f6a28-7ddc-4ff8-b447-bbc9acd4309f">
      <Output>
        <ErrorInfo>
          <Message>System.Net.Http.HttpRequestException : Response status code does not indicate success: 401 (Unauthorized).</Message>
          <StackTrace>   at System.Net.Http.HttpResponseMessage.EnsureSuccessStatusCode()&#xD;
   at AuthenticationAPI.IntegrationTests.AdminLockUnlockTests.Admin_Locks_And_Unlocks_User() in C:\Users\brand\Desktop\BCMTrac Auth Service\AuthenticationAPI\AuthenticationAPI.IntegrationTests\AdminLockUnlockTests.cs:line 53&#xD;
--- End of stack trace from previous location ---</StackTrace>
        </ErrorInfo>
      </Output>
    </UnitTestResult>
    <UnitTestResult executionId="e2d736e7-54f2-4887-8196-ac58ca4d042f" testId="2ce208f1-82cc-a94e-1020-a238b36f9d15" testName="AuthenticationAPI.IntegrationTests.AdminAndMoreTests.Email_Resend_And_Idempotent_Confirm" computerName="BRANDONWINDOWS" duration="00:00:04.3481373" startTime="2025-09-17T18:19:40.5570088+02:00" endTime="2025-09-17T18:19:40.5570299+02:00" testType="13cdc9d9-ddb5-4fa4-a97d-d965ccfc6d4b" outcome="Passed" testListId="8c84fa94-04c1-424b-9868-57a2d4851a1d" relativeResultsDirectory="e2d736e7-54f2-4887-8196-ac58ca4d042f" />
    <UnitTestResult executionId="31dd3939-c61b-4f36-82ba-c76bc8740f72" testId="99aeb19b-94a8-364c-272b-b34dd3cf654b" testName="AuthenticationAPI.IntegrationTests.AdminAndMoreTests.Admin_Invite_Activate_User" computerName="BRANDONWINDOWS" duration="00:00:00.5962092" startTime="2025-09-17T18:19:49.7854234+02:00" endTime="2025-09-17T18:19:49.7854236+02:00" testType="13cdc9d9-ddb5-4fa4-a97d-d965ccfc6d4b" outcome="Failed" testListId="8c84fa94-04c1-424b-9868-57a2d4851a1d" relativeResultsDirectory="31dd3939-c61b-4f36-82ba-c76bc8740f72">
      <Output>
        <ErrorInfo>
          <Message>System.Net.Http.HttpRequestException : Response status code does not indicate success: 401 (Unauthorized).</Message>
          <StackTrace>   at System.Net.Http.HttpResponseMessage.EnsureSuccessStatusCode()&#xD;
   at AuthenticationAPI.IntegrationTests.AdminAndMoreTests.Admin_Invite_Activate_User() in C:\Users\brand\Desktop\BCMTrac Auth Service\AuthenticationAPI\AuthenticationAPI.IntegrationTests\AdminAndMoreTests.cs:line 52&#xD;
--- End of stack trace from previous location ---</StackTrace>
        </ErrorInfo>
      </Output>
    </UnitTestResult>
    <UnitTestResult executionId="b4ac9c26-c35b-4531-877b-682632d53106" testId="ded4e6a0-1cac-fe0f-2a52-33982cee3501" testName="AuthenticationAPI.IntegrationTests.LockoutTests.Multiple_Failed_Logins_Trigger_Lockout_Then_Unlock" computerName="BRANDONWINDOWS" duration="00:00:12.8953402" startTime="2025-09-17T18:19:49.0989708+02:00" endTime="2025-09-17T18:19:49.0989709+02:00" testType="13cdc9d9-ddb5-4fa4-a97d-d965ccfc6d4b" outcome="Passed" testListId="8c84fa94-04c1-424b-9868-57a2d4851a1d" relativeResultsDirectory="b4ac9c26-c35b-4531-877b-682632d53106" />
    <UnitTestResult executionId="9bc1ee7a-a600-435d-8aa7-ea132d2a2004" testId="d6f4d0e7-b4fd-8b0b-c0cb-e1f0cba4a08b" testName="AuthenticationAPI.IntegrationTests.AdminAndMoreTests.Admin_Lock_Unlock_User" computerName="BRANDONWINDOWS" duration="00:00:00.9392927" startTime="2025-09-17T18:19:49.1886107+02:00" endTime="2025-09-17T18:19:49.1886109+02:00" testType="13cdc9d9-ddb5-4fa4-a97d-d965ccfc6d4b" outcome="Failed" testListId="8c84fa94-04c1-424b-9868-57a2d4851a1d" relativeResultsDirectory="9bc1ee7a-a600-435d-8aa7-ea132d2a2004">
      <Output>
        <ErrorInfo>
          <Message>System.Net.Http.HttpRequestException : Response status code does not indicate success: 401 (Unauthorized).</Message>
          <StackTrace>   at System.Net.Http.HttpResponseMessage.EnsureSuccessStatusCode()&#xD;
   at AuthenticationAPI.IntegrationTests.AdminAndMoreTests.Admin_Lock_Unlock_User() in C:\Users\brand\Desktop\BCMTrac Auth Service\AuthenticationAPI\AuthenticationAPI.IntegrationTests\AdminAndMoreTests.cs:line 170&#xD;
--- End of stack trace from previous location ---</StackTrace>
        </ErrorInfo>
      </Output>
    </UnitTestResult>
    <UnitTestResult executionId="a069d32d-6c7b-4d78-a102-0b7546ba3143" testId="fcb88f49-2a49-9b88-9d7e-c4e12f0b63b3" testName="AuthenticationAPI.IntegrationTests.JwksTests.Jwks_Lists_Active_RSA_Keys_And_Kid_Matches_Token" computerName="BRANDONWINDOWS" duration="00:00:06.3088782" startTime="2025-09-17T18:19:42.5125198+02:00" endTime="2025-09-17T18:19:42.5125201+02:00" testType="13cdc9d9-ddb5-4fa4-a97d-d965ccfc6d4b" outcome="Passed" testListId="8c84fa94-04c1-424b-9868-57a2d4851a1d" relativeResultsDirectory="a069d32d-6c7b-4d78-a102-0b7546ba3143" />
    <UnitTestResult executionId="dbb9e41a-2ae6-4af6-aa6e-82144d9b099c" testId="42bc6be1-e8dc-93fe-066b-cc0dd7a94799" testName="AuthenticationAPI.IntegrationTests.AdminInviteActivateTests.Admin_Invites_User_User_Activates_With_Roles" computerName="BRANDONWINDOWS" duration="00:00:04.6151776" startTime="2025-09-17T18:19:40.9301600+02:00" endTime="2025-09-17T18:19:40.9301604+02:00" testType="13cdc9d9-ddb5-4fa4-a97d-d965ccfc6d4b" outcome="Failed" testListId="8c84fa94-04c1-424b-9868-57a2d4851a1d" relativeResultsDirectory="dbb9e41a-2ae6-4af6-aa6e-82144d9b099c">
      <Output>
        <ErrorInfo>
          <Message>Expected (userMgr.AddToRoleAsync(user!, "Admin")).Succeeded to be true, but found False.</Message>
          <StackTrace>   at FluentAssertions.Execution.XUnit2TestFramework.Throw(String message)&#xD;
   at FluentAssertions.Execution.TestFrameworkProvider.Throw(String message)&#xD;
   at FluentAssertions.Execution.DefaultAssertionStrategy.HandleFailure(String message)&#xD;
   at FluentAssertions.Execution.AssertionScope.FailWith(Func`1 failReasonFunc)&#xD;
   at FluentAssertions.Execution.AssertionScope.FailWith(Func`1 failReasonFunc)&#xD;
   at FluentAssertions.Execution.AssertionScope.FailWith(String message, Object[] args)&#xD;
   at FluentAssertions.Primitives.BooleanAssertions`1.BeTrue(String because, Object[] becauseArgs)&#xD;
   at AuthenticationAPI.IntegrationTests.AdminInviteActivateTests.CreateSeededAdminAsync() in C:\Users\brand\Desktop\BCMTrac Auth Service\AuthenticationAPI\AuthenticationAPI.IntegrationTests\AdminInviteActivateTests.cs:line 40&#xD;
   at AuthenticationAPI.IntegrationTests.AdminInviteActivateTests.Admin_Invites_User_User_Activates_With_Roles() in C:\Users\brand\Desktop\BCMTrac Auth Service\AuthenticationAPI\AuthenticationAPI.IntegrationTests\AdminInviteActivateTests.cs:line 54&#xD;
--- End of stack trace from previous location ---</StackTrace>
        </ErrorInfo>
      </Output>
    </UnitTestResult>
    <UnitTestResult executionId="6b96e528-829f-4f85-b286-60766bc8f0f7" testId="db0e9e00-5143-ced4-c6ba-443027d3ce66" testName="AuthenticationAPI.IntegrationTests.AdminAndMoreTests.Client_Credentials_Grants_Token" computerName="BRANDONWINDOWS" duration="00:00:00.0390782" startTime="2025-09-17T18:19:48.2482140+02:00" endTime="2025-09-17T18:19:48.2482144+02:00" testType="13cdc9d9-ddb5-4fa4-a97d-d965ccfc6d4b" outcome="Passed" testListId="8c84fa94-04c1-424b-9868-57a2d4851a1d" relativeResultsDirectory="6b96e528-829f-4f85-b286-60766bc8f0f7" />
    <UnitTestResult executionId="eea05305-7e99-423c-9196-6e93e50cf6b1" testId="5f19f6ee-23dd-7e87-0163-c80eb6be89e4" testName="AuthenticationAPI.IntegrationTests.ChangeEmailTests.Change_Email_Bumps_TokenVersion_And_Revokes_Refresh" computerName="BRANDONWINDOWS" duration="00:00:06.2806818" startTime="2025-09-17T18:19:42.4852764+02:00" endTime="2025-09-17T18:19:42.4852767+02:00" testType="13cdc9d9-ddb5-4fa4-a97d-d965ccfc6d4b" outcome="Failed" testListId="8c84fa94-04c1-424b-9868-57a2d4851a1d" relativeResultsDirectory="eea05305-7e99-423c-9196-6e93e50cf6b1">
      <Output>
        <ErrorInfo>
          <Message>System.Net.Http.HttpRequestException : Response status code does not indicate success: 401 (Unauthorized).</Message>
          <StackTrace>   at System.Net.Http.HttpResponseMessage.EnsureSuccessStatusCode()&#xD;
   at AuthenticationAPI.IntegrationTests.ChangeEmailTests.Change_Email_Bumps_TokenVersion_And_Revokes_Refresh() in C:\Users\brand\Desktop\BCMTrac Auth Service\AuthenticationAPI\AuthenticationAPI.IntegrationTests\ChangeEmailTests.cs:line 42&#xD;
--- End of stack trace from previous location ---</StackTrace>
        </ErrorInfo>
      </Output>
    </UnitTestResult>
    <UnitTestResult executionId="c92a055e-9a20-4f92-a555-ced576d6919c" testId="26d348fd-9b0d-d651-4c57-4aa70b9971a2" testName="AuthenticationAPI.IntegrationTests.AuthFlowTests.Register_Confirm_Login_Me_Refresh_Logout" computerName="BRANDONWINDOWS" duration="00:00:06.3839012" startTime="2025-09-17T18:19:42.5873895+02:00" endTime="2025-09-17T18:19:42.5873898+02:00" testType="13cdc9d9-ddb5-4fa4-a97d-d965ccfc6d4b" outcome="Passed" testListId="8c84fa94-04c1-424b-9868-57a2d4851a1d" relativeResultsDirectory="c92a055e-9a20-4f92-a555-ced576d6919c" />
    <UnitTestResult executionId="f4bae6b6-7ced-4786-9932-db4f7858e323" testId="dc21cb14-9537-9275-e646-1baba834d922" testName="AuthenticationAPI.IntegrationTests.AuthFlowTests.Password_Reset_Flow_Changes_Password_And_Revokes_Tokens" computerName="BRANDONWINDOWS" duration="00:00:04.2912734" startTime="2025-09-17T18:19:46.8792270+02:00" endTime="2025-09-17T18:19:46.8792273+02:00" testType="13cdc9d9-ddb5-4fa4-a97d-d965ccfc6d4b" outcome="Passed" testListId="8c84fa94-04c1-424b-9868-57a2d4851a1d" relativeResultsDirectory="f4bae6b6-7ced-4786-9932-db4f7858e323" />
    <UnitTestResult executionId="b5e0888a-0a26-49ae-9298-0d1fb57e8fd6" testId="854e4132-ebb7-621b-0d87-5d4d06fcbd2e" testName="AuthenticationAPI.IntegrationTests.RefreshReuseTests.Reusing_Rotated_Refresh_Revokes_All_And_Bumps_TokenVersion" computerName="BRANDONWINDOWS" duration="00:00:06.3628532" startTime="2025-09-17T18:19:42.5662772+02:00" endTime="2025-09-17T18:19:42.5662774+02:00" testType="13cdc9d9-ddb5-4fa4-a97d-d965ccfc6d4b" outcome="Passed" testListId="8c84fa94-04c1-424b-9868-57a2d4851a1d" relativeResultsDirectory="b5e0888a-0a26-49ae-9298-0d1fb57e8fd6" />
    <UnitTestResult executionId="3811bde1-040d-4e44-b191-6f63a56ca70c" testId="70536b38-b78e-0e64-f2ab-7a140617e3a1" testName="AuthenticationAPI.IntegrationTests.AdminAndMoreTests.Magic_Link_Flow_Works" computerName="BRANDONWINDOWS" duration="00:00:00.3080575" startTime="2025-09-17T18:19:50.0934349+02:00" endTime="2025-09-17T18:19:50.0934350+02:00" testType="13cdc9d9-ddb5-4fa4-a97d-d965ccfc6d4b" outcome="Passed" testListId="8c84fa94-04c1-424b-9868-57a2d4851a1d" relativeResultsDirectory="3811bde1-040d-4e44-b191-6f63a56ca70c" />
    <UnitTestResult executionId="1ec5d8f4-2d09-476a-ac7d-5c95f90cdc1f" testId="9be0ddf3-dd41-f4c4-05ef-852737d26f23" testName="AuthenticationAPI.IntegrationTests.AdminRoleManagementTests.Admin_Adds_And_Removes_Role" computerName="BRANDONWINDOWS" duration="00:00:06.3416626" startTime="2025-09-17T18:19:42.5466999+02:00" endTime="2025-09-17T18:19:42.5467001+02:00" testType="13cdc9d9-ddb5-4fa4-a97d-d965ccfc6d4b" outcome="Failed" testListId="8c84fa94-04c1-424b-9868-57a2d4851a1d" relativeResultsDirectory="1ec5d8f4-2d09-476a-ac7d-5c95f90cdc1f">
      <Output>
        <ErrorInfo>
          <Message>Expected search.StatusCode to be HttpStatusCode.OK {value: 200}, but found HttpStatusCode.Unauthorized {value: 401}.</Message>
          <StackTrace>   at FluentAssertions.Execution.XUnit2TestFramework.Throw(String message)&#xD;
   at FluentAssertions.Execution.TestFrameworkProvider.Throw(String message)&#xD;
   at FluentAssertions.Execution.DefaultAssertionStrategy.HandleFailure(String message)&#xD;
   at FluentAssertions.Execution.AssertionScope.FailWith(Func`1 failReasonFunc)&#xD;
   at FluentAssertions.Execution.AssertionScope.FailWith(Func`1 failReasonFunc)&#xD;
   at FluentAssertions.Execution.AssertionScope.FailWith(String message, Object[] args)&#xD;
   at FluentAssertions.Primitives.EnumAssertions`2.Be(TEnum expected, String because, Object[] becauseArgs)&#xD;
   at AuthenticationAPI.IntegrationTests.AdminRoleManagementTests.Admin_Adds_And_Removes_Role() in C:\Users\brand\Desktop\BCMTrac Auth Service\AuthenticationAPI\AuthenticationAPI.IntegrationTests\AdminRoleManagementTests.cs:line 54&#xD;
--- End of stack trace from previous location ---</StackTrace>
        </ErrorInfo>
      </Output>
    </UnitTestResult>
  </Results>
  <TestDefinitions>
    <UnitTest name="AuthenticationAPI.IntegrationTests.AuthFlowTests.Register_Confirm_Login_Me_Refresh_Logout" storage="c:\users\brand\desktop\bcmtrac auth service\authenticationapi\authenticationapi.integrationtests\bin\debug\net8.0\authenticationapi.integrationtests.dll" id="26d348fd-9b0d-d651-4c57-4aa70b9971a2">
      <Execution id="c92a055e-9a20-4f92-a555-ced576d6919c" />
      <TestMethod codeBase="C:\Users\brand\Desktop\BCMTrac Auth Service\AuthenticationAPI\AuthenticationAPI.IntegrationTests\bin\Debug\net8.0\AuthenticationAPI.IntegrationTests.dll" adapterTypeName="executor://xunit/VsTestRunner2/netcoreapp" className="AuthenticationAPI.IntegrationTests.AuthFlowTests" name="Register_Confirm_Login_Me_Refresh_Logout" />
    </UnitTest>
    <UnitTest name="AuthenticationAPI.IntegrationTests.AdminAndMoreTests.Client_Credentials_Grants_Token" storage="c:\users\brand\desktop\bcmtrac auth service\authenticationapi\authenticationapi.integrationtests\bin\debug\net8.0\authenticationapi.integrationtests.dll" id="db0e9e00-5143-ced4-c6ba-443027d3ce66">
      <Execution id="6b96e528-829f-4f85-b286-60766bc8f0f7" />
      <TestMethod codeBase="C:\Users\brand\Desktop\BCMTrac Auth Service\AuthenticationAPI\AuthenticationAPI.IntegrationTests\bin\Debug\net8.0\AuthenticationAPI.IntegrationTests.dll" adapterTypeName="executor://xunit/VsTestRunner2/netcoreapp" className="AuthenticationAPI.IntegrationTests.AdminAndMoreTests" name="Client_Credentials_Grants_Token" />
    </UnitTest>
    <UnitTest name="AuthenticationAPI.IntegrationTests.MfaFlowTests.Enable_MFA_Login_With_Totp_Then_Disable" storage="c:\users\brand\desktop\bcmtrac auth service\authenticationapi\authenticationapi.integrationtests\bin\debug\net8.0\authenticationapi.integrationtests.dll" id="94fe9652-9d0a-b763-45ff-17185bda1fef">
      <Execution id="1af8f7a3-8739-4dff-8a07-fd64a972e2a8" />
      <TestMethod codeBase="C:\Users\brand\Desktop\BCMTrac Auth Service\AuthenticationAPI\AuthenticationAPI.IntegrationTests\bin\Debug\net8.0\AuthenticationAPI.IntegrationTests.dll" adapterTypeName="executor://xunit/VsTestRunner2/netcoreapp" className="AuthenticationAPI.IntegrationTests.MfaFlowTests" name="Enable_MFA_Login_With_Totp_Then_Disable" />
    </UnitTest>
    <UnitTest name="AuthenticationAPI.IntegrationTests.LockoutTests.Multiple_Failed_Logins_Trigger_Lockout_Then_Unlock" storage="c:\users\brand\desktop\bcmtrac auth service\authenticationapi\authenticationapi.integrationtests\bin\debug\net8.0\authenticationapi.integrationtests.dll" id="ded4e6a0-1cac-fe0f-2a52-33982cee3501">
      <Execution id="b4ac9c26-c35b-4531-877b-682632d53106" />
      <TestMethod codeBase="C:\Users\brand\Desktop\BCMTrac Auth Service\AuthenticationAPI\AuthenticationAPI.IntegrationTests\bin\Debug\net8.0\AuthenticationAPI.IntegrationTests.dll" adapterTypeName="executor://xunit/VsTestRunner2/netcoreapp" className="AuthenticationAPI.IntegrationTests.LockoutTests" name="Multiple_Failed_Logins_Trigger_Lockout_Then_Unlock" />
    </UnitTest>
    <UnitTest name="AuthenticationAPI.IntegrationTests.AdminAndMoreTests.Admin_Sessions_List_Revoke_One_And_All" storage="c:\users\brand\desktop\bcmtrac auth service\authenticationapi\authenticationapi.integrationtests\bin\debug\net8.0\authenticationapi.integrationtests.dll" id="45009dc2-643a-a311-3501-488a65d38e65">
      <Execution id="899d0d33-ebb1-447f-893e-de13f93c32a4" />
      <TestMethod codeBase="C:\Users\brand\Desktop\BCMTrac Auth Service\AuthenticationAPI\AuthenticationAPI.IntegrationTests\bin\Debug\net8.0\AuthenticationAPI.IntegrationTests.dll" adapterTypeName="executor://xunit/VsTestRunner2/netcoreapp" className="AuthenticationAPI.IntegrationTests.AdminAndMoreTests" name="Admin_Sessions_List_Revoke_One_And_All" />
    </UnitTest>
    <UnitTest name="AuthenticationAPI.IntegrationTests.AdminAndMoreTests.Admin_Roles_Add_Remove" storage="c:\users\brand\desktop\bcmtrac auth service\authenticationapi\authenticationapi.integrationtests\bin\debug\net8.0\authenticationapi.integrationtests.dll" id="c09fbd12-0990-68aa-4ba0-b4b4d447d56d">
      <Execution id="f477f13e-503c-46e6-a8ca-837425f907d1" />
      <TestMethod codeBase="C:\Users\brand\Desktop\BCMTrac Auth Service\AuthenticationAPI\AuthenticationAPI.IntegrationTests\bin\Debug\net8.0\AuthenticationAPI.IntegrationTests.dll" adapterTypeName="executor://xunit/VsTestRunner2/netcoreapp" className="AuthenticationAPI.IntegrationTests.AdminAndMoreTests" name="Admin_Roles_Add_Remove" />
    </UnitTest>
    <UnitTest name="AuthenticationAPI.IntegrationTests.AdminLockUnlockTests.Admin_Locks_And_Unlocks_User" storage="c:\users\brand\desktop\bcmtrac auth service\authenticationapi\authenticationapi.integrationtests\bin\debug\net8.0\authenticationapi.integrationtests.dll" id="975e6b21-b9d8-28b2-109e-75a958987d7f">
      <Execution id="110f6a28-7ddc-4ff8-b447-bbc9acd4309f" />
      <TestMethod codeBase="C:\Users\brand\Desktop\BCMTrac Auth Service\AuthenticationAPI\AuthenticationAPI.IntegrationTests\bin\Debug\net8.0\AuthenticationAPI.IntegrationTests.dll" adapterTypeName="executor://xunit/VsTestRunner2/netcoreapp" className="AuthenticationAPI.IntegrationTests.AdminLockUnlockTests" name="Admin_Locks_And_Unlocks_User" />
    </UnitTest>
    <UnitTest name="AuthenticationAPI.IntegrationTests.AdminAndMoreTests.Magic_Link_Flow_Works" storage="c:\users\brand\desktop\bcmtrac auth service\authenticationapi\authenticationapi.integrationtests\bin\debug\net8.0\authenticationapi.integrationtests.dll" id="70536b38-b78e-0e64-f2ab-7a140617e3a1">
      <Execution id="3811bde1-040d-4e44-b191-6f63a56ca70c" />
      <TestMethod codeBase="C:\Users\brand\Desktop\BCMTrac Auth Service\AuthenticationAPI\AuthenticationAPI.IntegrationTests\bin\Debug\net8.0\AuthenticationAPI.IntegrationTests.dll" adapterTypeName="executor://xunit/VsTestRunner2/netcoreapp" className="AuthenticationAPI.IntegrationTests.AdminAndMoreTests" name="Magic_Link_Flow_Works" />
    </UnitTest>
    <UnitTest name="AuthenticationAPI.IntegrationTests.AdminAndMoreTests.Bridge_Headers_Present_On_Login_And_Refresh" storage="c:\users\brand\desktop\bcmtrac auth service\authenticationapi\authenticationapi.integrationtests\bin\debug\net8.0\authenticationapi.integrationtests.dll" id="91640fe6-719d-c0c2-99df-9fc6bab07aea">
      <Execution id="728f396e-44d0-4fec-bfa3-3725b5dbcdb5" />
      <TestMethod codeBase="C:\Users\brand\Desktop\BCMTrac Auth Service\AuthenticationAPI\AuthenticationAPI.IntegrationTests\bin\Debug\net8.0\AuthenticationAPI.IntegrationTests.dll" adapterTypeName="executor://xunit/VsTestRunner2/netcoreapp" className="AuthenticationAPI.IntegrationTests.AdminAndMoreTests" name="Bridge_Headers_Present_On_Login_And_Refresh" />
    </UnitTest>
    <UnitTest name="AuthenticationAPI.IntegrationTests.AuthFlowTests.Password_Reset_Flow_Changes_Password_And_Revokes_Tokens" storage="c:\users\brand\desktop\bcmtrac auth service\authenticationapi\authenticationapi.integrationtests\bin\debug\net8.0\authenticationapi.integrationtests.dll" id="dc21cb14-9537-9275-e646-1baba834d922">
      <Execution id="f4bae6b6-7ced-4786-9932-db4f7858e323" />
      <TestMethod codeBase="C:\Users\brand\Desktop\BCMTrac Auth Service\AuthenticationAPI\AuthenticationAPI.IntegrationTests\bin\Debug\net8.0\AuthenticationAPI.IntegrationTests.dll" adapterTypeName="executor://xunit/VsTestRunner2/netcoreapp" className="AuthenticationAPI.IntegrationTests.AuthFlowTests" name="Password_Reset_Flow_Changes_Password_And_Revokes_Tokens" />
    </UnitTest>
    <UnitTest name="AuthenticationAPI.IntegrationTests.AdminAndMoreTests.Admin_Invite_Activate_User" storage="c:\users\brand\desktop\bcmtrac auth service\authenticationapi\authenticationapi.integrationtests\bin\debug\net8.0\authenticationapi.integrationtests.dll" id="99aeb19b-94a8-364c-272b-b34dd3cf654b">
      <Execution id="31dd3939-c61b-4f36-82ba-c76bc8740f72" />
      <TestMethod codeBase="C:\Users\brand\Desktop\BCMTrac Auth Service\AuthenticationAPI\AuthenticationAPI.IntegrationTests\bin\Debug\net8.0\AuthenticationAPI.IntegrationTests.dll" adapterTypeName="executor://xunit/VsTestRunner2/netcoreapp" className="AuthenticationAPI.IntegrationTests.AdminAndMoreTests" name="Admin_Invite_Activate_User" />
    </UnitTest>
    <UnitTest name="AuthenticationAPI.IntegrationTests.LogoutAllTests.LogoutAll_Revokes_Sessions_And_Invalidates_Tokens" storage="c:\users\brand\desktop\bcmtrac auth service\authenticationapi\authenticationapi.integrationtests\bin\debug\net8.0\authenticationapi.integrationtests.dll" id="cdd84f2d-58df-42ef-dda5-f2398b337e5d">
      <Execution id="e649d0ef-151c-48ec-adf3-6c1bcd96402c" />
      <TestMethod codeBase="C:\Users\brand\Desktop\BCMTrac Auth Service\AuthenticationAPI\AuthenticationAPI.IntegrationTests\bin\Debug\net8.0\AuthenticationAPI.IntegrationTests.dll" adapterTypeName="executor://xunit/VsTestRunner2/netcoreapp" className="AuthenticationAPI.IntegrationTests.LogoutAllTests" name="LogoutAll_Revokes_Sessions_And_Invalidates_Tokens" />
    </UnitTest>
    <UnitTest name="AuthenticationAPI.IntegrationTests.RefreshReuseTests.Reusing_Rotated_Refresh_Revokes_All_And_Bumps_TokenVersion" storage="c:\users\brand\desktop\bcmtrac auth service\authenticationapi\authenticationapi.integrationtests\bin\debug\net8.0\authenticationapi.integrationtests.dll" id="854e4132-ebb7-621b-0d87-5d4d06fcbd2e">
      <Execution id="b5e0888a-0a26-49ae-9298-0d1fb57e8fd6" />
      <TestMethod codeBase="C:\Users\brand\Desktop\BCMTrac Auth Service\AuthenticationAPI\AuthenticationAPI.IntegrationTests\bin\Debug\net8.0\AuthenticationAPI.IntegrationTests.dll" adapterTypeName="executor://xunit/VsTestRunner2/netcoreapp" className="AuthenticationAPI.IntegrationTests.RefreshReuseTests" name="Reusing_Rotated_Refresh_Revokes_All_And_Bumps_TokenVersion" />
    </UnitTest>
    <UnitTest name="AuthenticationAPI.IntegrationTests.AdminRoleManagementTests.Admin_Adds_And_Removes_Role" storage="c:\users\brand\desktop\bcmtrac auth service\authenticationapi\authenticationapi.integrationtests\bin\debug\net8.0\authenticationapi.integrationtests.dll" id="9be0ddf3-dd41-f4c4-05ef-852737d26f23">
      <Execution id="1ec5d8f4-2d09-476a-ac7d-5c95f90cdc1f" />
      <TestMethod codeBase="C:\Users\brand\Desktop\BCMTrac Auth Service\AuthenticationAPI\AuthenticationAPI.IntegrationTests\bin\Debug\net8.0\AuthenticationAPI.IntegrationTests.dll" adapterTypeName="executor://xunit/VsTestRunner2/netcoreapp" className="AuthenticationAPI.IntegrationTests.AdminRoleManagementTests" name="Admin_Adds_And_Removes_Role" />
    </UnitTest>
    <UnitTest name="AuthenticationAPI.IntegrationTests.ChangeEmailTests.Change_Email_Bumps_TokenVersion_And_Revokes_Refresh" storage="c:\users\brand\desktop\bcmtrac auth service\authenticationapi\authenticationapi.integrationtests\bin\debug\net8.0\authenticationapi.integrationtests.dll" id="5f19f6ee-23dd-7e87-0163-c80eb6be89e4">
      <Execution id="eea05305-7e99-423c-9196-6e93e50cf6b1" />
      <TestMethod codeBase="C:\Users\brand\Desktop\BCMTrac Auth Service\AuthenticationAPI\AuthenticationAPI.IntegrationTests\bin\Debug\net8.0\AuthenticationAPI.IntegrationTests.dll" adapterTypeName="executor://xunit/VsTestRunner2/netcoreapp" className="AuthenticationAPI.IntegrationTests.ChangeEmailTests" name="Change_Email_Bumps_TokenVersion_And_Revokes_Refresh" />
    </UnitTest>
    <UnitTest name="AuthenticationAPI.IntegrationTests.AdminAndMoreTests.Email_Resend_And_Idempotent_Confirm" storage="c:\users\brand\desktop\bcmtrac auth service\authenticationapi\authenticationapi.integrationtests\bin\debug\net8.0\authenticationapi.integrationtests.dll" id="2ce208f1-82cc-a94e-1020-a238b36f9d15">
      <Execution id="e2d736e7-54f2-4887-8196-ac58ca4d042f" />
      <TestMethod codeBase="C:\Users\brand\Desktop\BCMTrac Auth Service\AuthenticationAPI\AuthenticationAPI.IntegrationTests\bin\Debug\net8.0\AuthenticationAPI.IntegrationTests.dll" adapterTypeName="executor://xunit/VsTestRunner2/netcoreapp" className="AuthenticationAPI.IntegrationTests.AdminAndMoreTests" name="Email_Resend_And_Idempotent_Confirm" />
    </UnitTest>
    <UnitTest name="AuthenticationAPI.IntegrationTests.AdminAndMoreTests.Admin_Lock_Unlock_User" storage="c:\users\brand\desktop\bcmtrac auth service\authenticationapi\authenticationapi.integrationtests\bin\debug\net8.0\authenticationapi.integrationtests.dll" id="d6f4d0e7-b4fd-8b0b-c0cb-e1f0cba4a08b">
      <Execution id="9bc1ee7a-a600-435d-8aa7-ea132d2a2004" />
      <TestMethod codeBase="C:\Users\brand\Desktop\BCMTrac Auth Service\AuthenticationAPI\AuthenticationAPI.IntegrationTests\bin\Debug\net8.0\AuthenticationAPI.IntegrationTests.dll" adapterTypeName="executor://xunit/VsTestRunner2/netcoreapp" className="AuthenticationAPI.IntegrationTests.AdminAndMoreTests" name="Admin_Lock_Unlock_User" />
    </UnitTest>
    <UnitTest name="AuthenticationAPI.IntegrationTests.JwksTests.Jwks_Lists_Active_RSA_Keys_And_Kid_Matches_Token" storage="c:\users\brand\desktop\bcmtrac auth service\authenticationapi\authenticationapi.integrationtests\bin\debug\net8.0\authenticationapi.integrationtests.dll" id="fcb88f49-2a49-9b88-9d7e-c4e12f0b63b3">
      <Execution id="a069d32d-6c7b-4d78-a102-0b7546ba3143" />
      <TestMethod codeBase="C:\Users\brand\Desktop\BCMTrac Auth Service\AuthenticationAPI\AuthenticationAPI.IntegrationTests\bin\Debug\net8.0\AuthenticationAPI.IntegrationTests.dll" adapterTypeName="executor://xunit/VsTestRunner2/netcoreapp" className="AuthenticationAPI.IntegrationTests.JwksTests" name="Jwks_Lists_Active_RSA_Keys_And_Kid_Matches_Token" />
    </UnitTest>
    <UnitTest name="AuthenticationAPI.IntegrationTests.AdminInviteActivateTests.Admin_Invites_User_User_Activates_With_Roles" storage="c:\users\brand\desktop\bcmtrac auth service\authenticationapi\authenticationapi.integrationtests\bin\debug\net8.0\authenticationapi.integrationtests.dll" id="42bc6be1-e8dc-93fe-066b-cc0dd7a94799">
      <Execution id="dbb9e41a-2ae6-4af6-aa6e-82144d9b099c" />
      <TestMethod codeBase="C:\Users\brand\Desktop\BCMTrac Auth Service\AuthenticationAPI\AuthenticationAPI.IntegrationTests\bin\Debug\net8.0\AuthenticationAPI.IntegrationTests.dll" adapterTypeName="executor://xunit/VsTestRunner2/netcoreapp" className="AuthenticationAPI.IntegrationTests.AdminInviteActivateTests" name="Admin_Invites_User_User_Activates_With_Roles" />
    </UnitTest>
  </TestDefinitions>
  <TestEntries>
    <TestEntry testId="cdd84f2d-58df-42ef-dda5-f2398b337e5d" executionId="e649d0ef-151c-48ec-adf3-6c1bcd96402c" testListId="8c84fa94-04c1-424b-9868-57a2d4851a1d" />
    <TestEntry testId="45009dc2-643a-a311-3501-488a65d38e65" executionId="899d0d33-ebb1-447f-893e-de13f93c32a4" testListId="8c84fa94-04c1-424b-9868-57a2d4851a1d" />
    <TestEntry testId="94fe9652-9d0a-b763-45ff-17185bda1fef" executionId="1af8f7a3-8739-4dff-8a07-fd64a972e2a8" testListId="8c84fa94-04c1-424b-9868-57a2d4851a1d" />
    <TestEntry testId="c09fbd12-0990-68aa-4ba0-b4b4d447d56d" executionId="f477f13e-503c-46e6-a8ca-837425f907d1" testListId="8c84fa94-04c1-424b-9868-57a2d4851a1d" />
    <TestEntry testId="91640fe6-719d-c0c2-99df-9fc6bab07aea" executionId="728f396e-44d0-4fec-bfa3-3725b5dbcdb5" testListId="8c84fa94-04c1-424b-9868-57a2d4851a1d" />
    <TestEntry testId="975e6b21-b9d8-28b2-109e-75a958987d7f" executionId="110f6a28-7ddc-4ff8-b447-bbc9acd4309f" testListId="8c84fa94-04c1-424b-9868-57a2d4851a1d" />
    <TestEntry testId="2ce208f1-82cc-a94e-1020-a238b36f9d15" executionId="e2d736e7-54f2-4887-8196-ac58ca4d042f" testListId="8c84fa94-04c1-424b-9868-57a2d4851a1d" />
    <TestEntry testId="99aeb19b-94a8-364c-272b-b34dd3cf654b" executionId="31dd3939-c61b-4f36-82ba-c76bc8740f72" testListId="8c84fa94-04c1-424b-9868-57a2d4851a1d" />
    <TestEntry testId="ded4e6a0-1cac-fe0f-2a52-33982cee3501" executionId="b4ac9c26-c35b-4531-877b-682632d53106" testListId="8c84fa94-04c1-424b-9868-57a2d4851a1d" />
    <TestEntry testId="d6f4d0e7-b4fd-8b0b-c0cb-e1f0cba4a08b" executionId="9bc1ee7a-a600-435d-8aa7-ea132d2a2004" testListId="8c84fa94-04c1-424b-9868-57a2d4851a1d" />
    <TestEntry testId="fcb88f49-2a49-9b88-9d7e-c4e12f0b63b3" executionId="a069d32d-6c7b-4d78-a102-0b7546ba3143" testListId="8c84fa94-04c1-424b-9868-57a2d4851a1d" />
    <TestEntry testId="42bc6be1-e8dc-93fe-066b-cc0dd7a94799" executionId="dbb9e41a-2ae6-4af6-aa6e-82144d9b099c" testListId="8c84fa94-04c1-424b-9868-57a2d4851a1d" />
    <TestEntry testId="db0e9e00-5143-ced4-c6ba-443027d3ce66" executionId="6b96e528-829f-4f85-b286-60766bc8f0f7" testListId="8c84fa94-04c1-424b-9868-57a2d4851a1d" />
    <TestEntry testId="5f19f6ee-23dd-7e87-0163-c80eb6be89e4" executionId="eea05305-7e99-423c-9196-6e93e50cf6b1" testListId="8c84fa94-04c1-424b-9868-57a2d4851a1d" />
    <TestEntry testId="26d348fd-9b0d-d651-4c57-4aa70b9971a2" executionId="c92a055e-9a20-4f92-a555-ced576d6919c" testListId="8c84fa94-04c1-424b-9868-57a2d4851a1d" />
    <TestEntry testId="dc21cb14-9537-9275-e646-1baba834d922" executionId="f4bae6b6-7ced-4786-9932-db4f7858e323" testListId="8c84fa94-04c1-424b-9868-57a2d4851a1d" />
    <TestEntry testId="854e4132-ebb7-621b-0d87-5d4d06fcbd2e" executionId="b5e0888a-0a26-49ae-9298-0d1fb57e8fd6" testListId="8c84fa94-04c1-424b-9868-57a2d4851a1d" />
    <TestEntry testId="70536b38-b78e-0e64-f2ab-7a140617e3a1" executionId="3811bde1-040d-4e44-b191-6f63a56ca70c" testListId="8c84fa94-04c1-424b-9868-57a2d4851a1d" />
    <TestEntry testId="9be0ddf3-dd41-f4c4-05ef-852737d26f23" executionId="1ec5d8f4-2d09-476a-ac7d-5c95f90cdc1f" testListId="8c84fa94-04c1-424b-9868-57a2d4851a1d" />
  </TestEntries>
  <TestLists>
    <TestList name="Results Not in a List" id="8c84fa94-04c1-424b-9868-57a2d4851a1d" />
    <TestList name="All Loaded Results" id="19431567-8539-422a-85d7-44ee4e166bda" />
  </TestLists>
  <ResultSummary outcome="Failed">
    <Counters total="19" executed="19" passed="9" failed="10" error="0" timeout="0" aborted="0" inconclusive="0" passedButRunAborted="0" notRunnable="0" notExecuted="0" disconnected="0" warning="0" completed="0" inProgress="0" pending="0" />
    <Output>
      <StdOut>[xUnit.net 00:00:00.00] xUnit.net VSTest Adapter v2.8.2+699d445a1a (64-bit .NET 8.0.20)&#xD;
[xUnit.net 00:00:00.07]   Discovering: AuthenticationAPI.IntegrationTests&#xD;
[xUnit.net 00:00:00.10]   Discovered:  AuthenticationAPI.IntegrationTests&#xD;
[xUnit.net 00:00:00.10]   Starting:    AuthenticationAPI.IntegrationTests&#xD;
[xUnit.net 00:00:04.86]       Expected (userMgr.AddToRoleAsync(user!, "Admin")).Succeeded to be true, but found False.&#xD;
[xUnit.net 00:00:04.86]       Stack Trace:&#xD;
[xUnit.net 00:00:04.86]            at FluentAssertions.Execution.XUnit2TestFramework.Throw(String message)&#xD;
[xUnit.net 00:00:04.86]            at FluentAssertions.Execution.TestFrameworkProvider.Throw(String message)&#xD;
[xUnit.net 00:00:04.86]            at FluentAssertions.Execution.DefaultAssertionStrategy.HandleFailure(String message)&#xD;
[xUnit.net 00:00:04.86]            at FluentAssertions.Execution.AssertionScope.FailWith(Func`1 failReasonFunc)&#xD;
[xUnit.net 00:00:04.86]            at FluentAssertions.Execution.AssertionScope.FailWith(Func`1 failReasonFunc)&#xD;
[xUnit.net 00:00:04.86]            at FluentAssertions.Execution.AssertionScope.FailWith(String message, Object[] args)&#xD;
[xUnit.net 00:00:04.86]            at FluentAssertions.Primitives.BooleanAssertions`1.BeTrue(String because, Object[] becauseArgs)&#xD;
[xUnit.net 00:00:04.86]         C:\Users\brand\Desktop\BCMTrac Auth Service\AuthenticationAPI\AuthenticationAPI.IntegrationTests\AdminInviteActivateTests.cs(40,0): at AuthenticationAPI.IntegrationTests.AdminInviteActivateTests.CreateSeededAdminAsync()&#xD;
[xUnit.net 00:00:04.86]         C:\Users\brand\Desktop\BCMTrac Auth Service\AuthenticationAPI\AuthenticationAPI.IntegrationTests\AdminInviteActivateTests.cs(54,0): at AuthenticationAPI.IntegrationTests.AdminInviteActivateTests.Admin_Invites_User_User_Activates_With_Roles()&#xD;
[xUnit.net 00:00:04.86]         --- End of stack trace from previous location ---&#xD;
[xUnit.net 00:00:06.21]       System.Collections.Generic.KeyNotFoundException : The given key was not present in the dictionary.&#xD;
[xUnit.net 00:00:06.21]       Stack Trace:&#xD;
[xUnit.net 00:00:06.21]            at System.Text.Json.JsonElement.GetProperty(String propertyName)&#xD;
[xUnit.net 00:00:06.21]         C:\Users\brand\Desktop\BCMTrac Auth Service\AuthenticationAPI\AuthenticationAPI.IntegrationTests\MfaFlowTests.cs(63,0): at AuthenticationAPI.IntegrationTests.MfaFlowTests.Enable_MFA_Login_With_Totp_Then_Disable()&#xD;
[xUnit.net 00:00:06.21]         --- End of stack trace from previous location ---&#xD;
[xUnit.net 00:00:06.42]       System.Net.Http.HttpRequestException : Response status code does not indicate success: 401 (Unauthorized).&#xD;
[xUnit.net 00:00:06.42]       Stack Trace:&#xD;
[xUnit.net 00:00:06.42]            at System.Net.Http.HttpResponseMessage.EnsureSuccessStatusCode()&#xD;
[xUnit.net 00:00:06.42]         C:\Users\brand\Desktop\BCMTrac Auth Service\AuthenticationAPI\AuthenticationAPI.IntegrationTests\ChangeEmailTests.cs(42,0): at AuthenticationAPI.IntegrationTests.ChangeEmailTests.Change_Email_Bumps_TokenVersion_And_Revokes_Refresh()&#xD;
[xUnit.net 00:00:06.42]         --- End of stack trace from previous location ---&#xD;
{"Timestamp":"2025-09-17T18:19:42.487Z","EventId":0,"LogLevel":"Warning","Category":"AuthenticationAPI.Infrastructure.Middleware.ExceptionHandlingMiddleware","Message":"API Exception: Invalid credentials. (StatusCode: 400)","State":{"Message":"API Exception: Invalid credentials. (StatusCode: 400)","Message":"Invalid credentials.","StatusCode":400,"{OriginalFormat}":"API Exception: {Message} (StatusCode: {StatusCode})"},"Scopes":[{"Message":"SpanId:193baf58bdce6979, TraceId:9640d4f0aa6f224bd549ab3777d4ea88, ParentId:0000000000000000","SpanId":"193baf58bdce6979","TraceId":"9640d4f0aa6f224bd549ab3777d4ea88","ParentId":"0000000000000000"},{"Message":"RequestPath:/api/v1/authenticate/login RequestId:0HNFM0NVS17D3","RequestId":"0HNFM0NVS17D3","RequestPath":"/api/v1/authenticate/login"}]}&#xD;
[xUnit.net 00:00:06.42]       System.Net.Http.HttpRequestException : Response status code does not indicate success: 401 (Unauthorized).&#xD;
[xUnit.net 00:00:06.42]       Stack Trace:&#xD;
[xUnit.net 00:00:06.42]            at System.Net.Http.HttpResponseMessage.EnsureSuccessStatusCode()&#xD;
[xUnit.net 00:00:06.42]         C:\Users\brand\Desktop\BCMTrac Auth Service\AuthenticationAPI\AuthenticationAPI.IntegrationTests\AdminLockUnlockTests.cs(53,0): at AuthenticationAPI.IntegrationTests.AdminLockUnlockTests.Admin_Locks_And_Unlocks_User()&#xD;
[xUnit.net 00:00:06.42]         --- End of stack trace from previous location ---&#xD;
[xUnit.net 00:00:06.43]       Expected logoutAll.StatusCode to be HttpStatusCode.OK {value: 200}, but found HttpStatusCode.Unauthorized {value: 401}.&#xD;
[xUnit.net 00:00:06.43]       Stack Trace:&#xD;
[xUnit.net 00:00:06.43]            at FluentAssertions.Execution.XUnit2TestFramework.Throw(String message)&#xD;
[xUnit.net 00:00:06.43]            at FluentAssertions.Execution.TestFrameworkProvider.Throw(String message)&#xD;
[xUnit.net 00:00:06.43]            at FluentAssertions.Execution.DefaultAssertionStrategy.HandleFailure(String message)&#xD;
[xUnit.net 00:00:06.43]            at FluentAssertions.Execution.AssertionScope.FailWith(Func`1 failReasonFunc)&#xD;
[xUnit.net 00:00:06.43]            at FluentAssertions.Execution.AssertionScope.FailWith(Func`1 failReasonFunc)&#xD;
[xUnit.net 00:00:06.43]            at FluentAssertions.Execution.AssertionScope.FailWith(String message, Object[] args)&#xD;
[xUnit.net 00:00:06.43]            at FluentAssertions.Primitives.EnumAssertions`2.Be(TEnum expected, String because, Object[] becauseArgs)&#xD;
[xUnit.net 00:00:06.43]         C:\Users\brand\Desktop\BCMTrac Auth Service\AuthenticationAPI\AuthenticationAPI.IntegrationTests\LogoutAllTests.cs(41,0): at AuthenticationAPI.IntegrationTests.LogoutAllTests.LogoutAll_Revokes_Sessions_And_Invalidates_Tokens()&#xD;
[xUnit.net 00:00:06.43]         --- End of stack trace from previous location ---&#xD;
[xUnit.net 00:00:06.48]       Expected search.StatusCode to be HttpStatusCode.OK {value: 200}, but found HttpStatusCode.Unauthorized {value: 401}.&#xD;
[xUnit.net 00:00:06.48]       Stack Trace:&#xD;
[xUnit.net 00:00:06.48]            at FluentAssertions.Execution.XUnit2TestFramework.Throw(String message)&#xD;
[xUnit.net 00:00:06.48]            at FluentAssertions.Execution.TestFrameworkProvider.Throw(String message)&#xD;
[xUnit.net 00:00:06.48]            at FluentAssertions.Execution.DefaultAssertionStrategy.HandleFailure(String message)&#xD;
[xUnit.net 00:00:06.48]            at FluentAssertions.Execution.AssertionScope.FailWith(Func`1 failReasonFunc)&#xD;
[xUnit.net 00:00:06.48]            at FluentAssertions.Execution.AssertionScope.FailWith(Func`1 failReasonFunc)&#xD;
[xUnit.net 00:00:06.48]            at FluentAssertions.Execution.AssertionScope.FailWith(String message, Object[] args)&#xD;
[xUnit.net 00:00:06.48]            at FluentAssertions.Primitives.EnumAssertions`2.Be(TEnum expected, String because, Object[] becauseArgs)&#xD;
[xUnit.net 00:00:06.48]         C:\Users\brand\Desktop\BCMTrac Auth Service\AuthenticationAPI\AuthenticationAPI.IntegrationTests\AdminRoleManagementTests.cs(54,0): at AuthenticationAPI.IntegrationTests.AdminRoleManagementTests.Admin_Adds_And_Removes_Role()&#xD;
[xUnit.net 00:00:06.48]         --- End of stack trace from previous location ---&#xD;
{"Timestamp":"2025-09-17T18:19:42.555Z","EventId":0,"LogLevel":"Warning","Category":"AuthenticationAPI.Infrastructure.Middleware.ExceptionHandlingMiddleware","Message":"API Exception: Refresh token is invalid or expired. (StatusCode: 400)","State":{"Message":"API Exception: Refresh token is invalid or expired. (StatusCode: 400)","Message":"Refresh token is invalid or expired.","StatusCode":400,"{OriginalFormat}":"API Exception: {Message} (StatusCode: {StatusCode})"},"Scopes":[{"Message":"SpanId:8c65f11c5e42bfb0, TraceId:af83f23f8bf676c7c80ec5f2323c75fb, ParentId:0000000000000000","SpanId":"8c65f11c5e42bfb0","TraceId":"af83f23f8bf676c7c80ec5f2323c75fb","ParentId":"0000000000000000"},{"Message":"RequestPath:/api/v1/authenticate/refresh RequestId:0HNFM0NVS17DP","RequestId":"0HNFM0NVS17DP","RequestPath":"/api/v1/authenticate/refresh"}]}&#xD;
{"Timestamp":"2025-09-17T18:19:42.565Z","EventId":0,"LogLevel":"Warning","Category":"AuthenticationAPI.Infrastructure.Middleware.ExceptionHandlingMiddleware","Message":"API Exception: Refresh token is invalid or expired. (StatusCode: 400)","State":{"Message":"API Exception: Refresh token is invalid or expired. (StatusCode: 400)","Message":"Refresh token is invalid or expired.","StatusCode":400,"{OriginalFormat}":"API Exception: {Message} (StatusCode: {StatusCode})"},"Scopes":[{"Message":"SpanId:379d08e6ca05acf8, TraceId:76be6064f07f2e1dbb6f18b4a634cfe0, ParentId:0000000000000000","SpanId":"379d08e6ca05acf8","TraceId":"76be6064f07f2e1dbb6f18b4a634cfe0","ParentId":"0000000000000000"},{"Message":"RequestPath:/api/v1/authenticate/refresh RequestId:0HNFM0NVS17DU","RequestId":"0HNFM0NVS17DU","RequestPath":"/api/v1/authenticate/refresh"}]}&#xD;
{"Timestamp":"2025-09-17T18:19:42.586Z","EventId":0,"LogLevel":"Warning","Category":"AuthenticationAPI.Infrastructure.Middleware.ExceptionHandlingMiddleware","Message":"API Exception: Refresh token is invalid or expired. (StatusCode: 400)","State":{"Message":"API Exception: Refresh token is invalid or expired. (StatusCode: 400)","Message":"Refresh token is invalid or expired.","StatusCode":400,"{OriginalFormat}":"API Exception: {Message} (StatusCode: {StatusCode})"},"Scopes":[{"Message":"SpanId:9886464ddf836b8d, TraceId:bbf51cf632a039cbe2a425199b0863f9, ParentId:0000000000000000","SpanId":"9886464ddf836b8d","TraceId":"bbf51cf632a039cbe2a425199b0863f9","ParentId":"0000000000000000"},{"Message":"RequestPath:/api/v1/authenticate/refresh RequestId:0HNFM0NVS17E0","RequestId":"0HNFM0NVS17E0","RequestPath":"/api/v1/authenticate/refresh"}]}&#xD;
{"Timestamp":"2025-09-17T18:19:43.385Z","EventId":0,"LogLevel":"Warning","Category":"AuthenticationAPI.Infrastructure.Middleware.ExceptionHandlingMiddleware","Message":"API Exception: Invalid credentials. (StatusCode: 400)","State":{"Message":"API Exception: Invalid credentials. (StatusCode: 400)","Message":"Invalid credentials.","StatusCode":400,"{OriginalFormat}":"API Exception: {Message} (StatusCode: {StatusCode})"},"Scopes":[{"Message":"SpanId:c97df792b0e247b6, TraceId:2fc4a3a977550cb46ba2c49172a7a1ef, ParentId:0000000000000000","SpanId":"c97df792b0e247b6","TraceId":"2fc4a3a977550cb46ba2c49172a7a1ef","ParentId":"0000000000000000"},{"Message":"RequestPath:/api/v1/authenticate/login RequestId:0HNFM0NVS17DO","RequestId":"0HNFM0NVS17DO","RequestPath":"/api/v1/authenticate/login"}]}&#xD;
{"Timestamp":"2025-09-17T18:19:44.227Z","EventId":0,"LogLevel":"Warning","Category":"AuthenticationAPI.Infrastructure.Middleware.ExceptionHandlingMiddleware","Message":"API Exception: Invalid credentials. (StatusCode: 400)","State":{"Message":"API Exception: Invalid credentials. (StatusCode: 400)","Message":"Invalid credentials.","StatusCode":400,"{OriginalFormat}":"API Exception: {Message} (StatusCode: {StatusCode})"},"Scopes":[{"Message":"SpanId:8a0bec4a6213d426, TraceId:4b78a8cc25a84e32614ed957b267937d, ParentId:0000000000000000","SpanId":"8a0bec4a6213d426","TraceId":"4b78a8cc25a84e32614ed957b267937d","ParentId":"0000000000000000"},{"Message":"RequestPath:/api/v1/authenticate/login RequestId:0HNFM0NVS17E3","RequestId":"0HNFM0NVS17E3","RequestPath":"/api/v1/authenticate/login"}]}&#xD;
{"Timestamp":"2025-09-17T18:19:45.062Z","EventId":0,"LogLevel":"Warning","Category":"AuthenticationAPI.Infrastructure.Middleware.ExceptionHandlingMiddleware","Message":"API Exception: Invalid credentials. (StatusCode: 400)","State":{"Message":"API Exception: Invalid credentials. (StatusCode: 400)","Message":"Invalid credentials.","StatusCode":400,"{OriginalFormat}":"API Exception: {Message} (StatusCode: {StatusCode})"},"Scopes":[{"Message":"SpanId:4bcde8ecba480ab4, TraceId:2f2257db824fddae5e350c3d2a194e00, ParentId:0000000000000000","SpanId":"4bcde8ecba480ab4","TraceId":"2f2257db824fddae5e350c3d2a194e00","ParentId":"0000000000000000"},{"Message":"RequestPath:/api/v1/authenticate/login RequestId:0HNFM0NVS17E9","RequestId":"0HNFM0NVS17E9","RequestPath":"/api/v1/authenticate/login"}]}&#xD;
{"Timestamp":"2025-09-17T18:19:45.884Z","EventId":0,"LogLevel":"Warning","Category":"AuthenticationAPI.Infrastructure.Middleware.ExceptionHandlingMiddleware","Message":"API Exception: Invalid credentials. (StatusCode: 400)","State":{"Message":"API Exception: Invalid credentials. (StatusCode: 400)","Message":"Invalid credentials.","StatusCode":400,"{OriginalFormat}":"API Exception: {Message} (StatusCode: {StatusCode})"},"Scopes":[{"Message":"SpanId:241d54e523882b63, TraceId:5e9b975651537b8ce400ecf037cb993d, ParentId:0000000000000000","SpanId":"241d54e523882b63","TraceId":"5e9b975651537b8ce400ecf037cb993d","ParentId":"0000000000000000"},{"Message":"RequestPath:/api/v1/authenticate/login RequestId:0HNFM0NVS17EB","RequestId":"0HNFM0NVS17EB","RequestPath":"/api/v1/authenticate/login"}]}&#xD;
[xUnit.net 00:00:09.86]       Expected list.StatusCode to be HttpStatusCode.OK {value: 200}, but found HttpStatusCode.Unauthorized {value: 401}.&#xD;
[xUnit.net 00:00:09.86]       Stack Trace:&#xD;
[xUnit.net 00:00:09.86]            at FluentAssertions.Execution.XUnit2TestFramework.Throw(String message)&#xD;
[xUnit.net 00:00:09.86]            at FluentAssertions.Execution.TestFrameworkProvider.Throw(String message)&#xD;
[xUnit.net 00:00:09.86]            at FluentAssertions.Execution.DefaultAssertionStrategy.HandleFailure(String message)&#xD;
[xUnit.net 00:00:09.86]            at FluentAssertions.Execution.AssertionScope.FailWith(Func`1 failReasonFunc)&#xD;
[xUnit.net 00:00:09.86]            at FluentAssertions.Execution.AssertionScope.FailWith(Func`1 failReasonFunc)&#xD;
[xUnit.net 00:00:09.86]            at FluentAssertions.Execution.AssertionScope.FailWith(String message, Object[] args)&#xD;
[xUnit.net 00:00:09.86]            at FluentAssertions.Primitives.EnumAssertions`2.Be(TEnum expected, String because, Object[] becauseArgs)&#xD;
[xUnit.net 00:00:09.86]         C:\Users\brand\Desktop\BCMTrac Auth Service\AuthenticationAPI\AuthenticationAPI.IntegrationTests\AdminAndMoreTests.cs(141,0): at AuthenticationAPI.IntegrationTests.AdminAndMoreTests.Admin_Sessions_List_Revoke_One_And_All()&#xD;
[xUnit.net 00:00:09.86]         --- End of stack trace from previous location ---&#xD;
{"Timestamp":"2025-09-17T18:19:46.031Z","EventId":0,"LogLevel":"Warning","Category":"AuthenticationAPI.Infrastructure.Middleware.ExceptionHandlingMiddleware","Message":"API Exception: Invalid credentials. (StatusCode: 400)","State":{"Message":"API Exception: Invalid credentials. (StatusCode: 400)","Message":"Invalid credentials.","StatusCode":400,"{OriginalFormat}":"API Exception: {Message} (StatusCode: {StatusCode})"},"Scopes":[{"Message":"SpanId:33bd08aa486548f4, TraceId:2cf88a5f6f565d0515ddb2ab7d523f18, ParentId:0000000000000000","SpanId":"33bd08aa486548f4","TraceId":"2cf88a5f6f565d0515ddb2ab7d523f18","ParentId":"0000000000000000"},{"Message":"RequestPath:/api/v1/authenticate/login RequestId:0HNFM0NVS17EC","RequestId":"0HNFM0NVS17EC","RequestPath":"/api/v1/authenticate/login"}]}&#xD;
{"Timestamp":"2025-09-17T18:19:46.713Z","EventId":0,"LogLevel":"Warning","Category":"AuthenticationAPI.Infrastructure.Middleware.ExceptionHandlingMiddleware","Message":"API Exception: Invalid credentials. (StatusCode: 400)","State":{"Message":"API Exception: Invalid credentials. (StatusCode: 400)","Message":"Invalid credentials.","StatusCode":400,"{OriginalFormat}":"API Exception: {Message} (StatusCode: {StatusCode})"},"Scopes":[{"Message":"SpanId:fc3a805d4a27838e, TraceId:224f3e9db25a8cade0f86404cf8b10e5, ParentId:0000000000000000","SpanId":"fc3a805d4a27838e","TraceId":"224f3e9db25a8cade0f86404cf8b10e5","ParentId":"0000000000000000"},{"Message":"RequestPath:/api/v1/authenticate/login RequestId:0HNFM0NVS17ED","RequestId":"0HNFM0NVS17ED","RequestPath":"/api/v1/authenticate/login"}]}&#xD;
{"Timestamp":"2025-09-17T18:19:47.229Z","EventId":0,"LogLevel":"Warning","Category":"AuthenticationAPI.Infrastructure.Middleware.ExceptionHandlingMiddleware","Message":"API Exception: Invalid credentials. (StatusCode: 400)","State":{"Message":"API Exception: Invalid credentials. (StatusCode: 400)","Message":"Invalid credentials.","StatusCode":400,"{OriginalFormat}":"API Exception: {Message} (StatusCode: {StatusCode})"},"Scopes":[{"Message":"SpanId:2cc28138c0289ec8, TraceId:f7434edef16c6f532de37122b9a4bf30, ParentId:0000000000000000","SpanId":"2cc28138c0289ec8","TraceId":"f7434edef16c6f532de37122b9a4bf30","ParentId":"0000000000000000"},{"Message":"RequestPath:/api/v1/authenticate/login RequestId:0HNFM0NVS17EG","RequestId":"0HNFM0NVS17EG","RequestPath":"/api/v1/authenticate/login"}]}&#xD;
{"Timestamp":"2025-09-17T18:19:47.539Z","EventId":0,"LogLevel":"Warning","Category":"AuthenticationAPI.Infrastructure.Middleware.ExceptionHandlingMiddleware","Message":"API Exception: Invalid credentials. (StatusCode: 400)","State":{"Message":"API Exception: Invalid credentials. (StatusCode: 400)","Message":"Invalid credentials.","StatusCode":400,"{OriginalFormat}":"API Exception: {Message} (StatusCode: {StatusCode})"},"Scopes":[{"Message":"SpanId:6da5da69db1d87e5, TraceId:60cc8e1804aca5a5c0ae8a066d857253, ParentId:0000000000000000","SpanId":"6da5da69db1d87e5","TraceId":"60cc8e1804aca5a5c0ae8a066d857253","ParentId":"0000000000000000"},{"Message":"RequestPath:/api/v1/authenticate/login RequestId:0HNFM0NVS17EI","RequestId":"0HNFM0NVS17EI","RequestPath":"/api/v1/authenticate/login"}]}&#xD;
[xUnit.net 00:00:11.51]       System.Net.Http.HttpRequestException : Response status code does not indicate success: 401 (Unauthorized).&#xD;
[xUnit.net 00:00:11.51]       Stack Trace:&#xD;
[xUnit.net 00:00:11.51]            at System.Net.Http.HttpResponseMessage.EnsureSuccessStatusCode()&#xD;
[xUnit.net 00:00:11.51]         C:\Users\brand\Desktop\BCMTrac Auth Service\AuthenticationAPI\AuthenticationAPI.IntegrationTests\AdminAndMoreTests.cs(96,0): at AuthenticationAPI.IntegrationTests.AdminAndMoreTests.Admin_Roles_Add_Remove()&#xD;
[xUnit.net 00:00:11.51]         --- End of stack trace from previous location ---&#xD;
{"Timestamp":"2025-09-17T18:19:47.894Z","EventId":0,"LogLevel":"Warning","Category":"AuthenticationAPI.Infrastructure.Middleware.ExceptionHandlingMiddleware","Message":"API Exception: Invalid credentials. (StatusCode: 400)","State":{"Message":"API Exception: Invalid credentials. (StatusCode: 400)","Message":"Invalid credentials.","StatusCode":400,"{OriginalFormat}":"API Exception: {Message} (StatusCode: {StatusCode})"},"Scopes":[{"Message":"SpanId:1eeca09ae1d0d2e8, TraceId:75baa26d15e95dcff7a177ef68efdb43, ParentId:0000000000000000","SpanId":"1eeca09ae1d0d2e8","TraceId":"75baa26d15e95dcff7a177ef68efdb43","ParentId":"0000000000000000"},{"Message":"RequestPath:/api/v1/authenticate/login RequestId:0HNFM0NVS17EK","RequestId":"0HNFM0NVS17EK","RequestPath":"/api/v1/authenticate/login"}]}&#xD;
{"Timestamp":"2025-09-17T18:19:48.198Z","EventId":0,"LogLevel":"Warning","Category":"AuthenticationAPI.Infrastructure.Middleware.ExceptionHandlingMiddleware","Message":"API Exception: Invalid credentials. (StatusCode: 400)","State":{"Message":"API Exception: Invalid credentials. (StatusCode: 400)","Message":"Invalid credentials.","StatusCode":400,"{OriginalFormat}":"API Exception: {Message} (StatusCode: {StatusCode})"},"Scopes":[{"Message":"SpanId:c9c834d8fa16cf65, TraceId:cc281066fe2c8e35d6e595d165917cee, ParentId:0000000000000000","SpanId":"c9c834d8fa16cf65","TraceId":"cc281066fe2c8e35d6e595d165917cee","ParentId":"0000000000000000"},{"Message":"RequestPath:/api/v1/authenticate/login RequestId:0HNFM0NVS17EQ","RequestId":"0HNFM0NVS17EQ","RequestPath":"/api/v1/authenticate/login"}]}&#xD;
{"Timestamp":"2025-09-17T18:19:48.488Z","EventId":0,"LogLevel":"Warning","Category":"AuthenticationAPI.Infrastructure.Middleware.ExceptionHandlingMiddleware","Message":"API Exception: Invalid credentials. (StatusCode: 400)","State":{"Message":"API Exception: Invalid credentials. (StatusCode: 400)","Message":"Invalid credentials.","StatusCode":400,"{OriginalFormat}":"API Exception: {Message} (StatusCode: {StatusCode})"},"Scopes":[{"Message":"SpanId:46dc7a79673e241d, TraceId:0a972581a2af7184b21b7f48bd8c325d, ParentId:0000000000000000","SpanId":"46dc7a79673e241d","TraceId":"0a972581a2af7184b21b7f48bd8c325d","ParentId":"0000000000000000"},{"Message":"RequestPath:/api/v1/authenticate/login RequestId:0HNFM0NVS17ES","RequestId":"0HNFM0NVS17ES","RequestPath":"/api/v1/authenticate/login"}]}&#xD;
{"Timestamp":"2025-09-17T18:19:48.804Z","EventId":0,"LogLevel":"Warning","Category":"AuthenticationAPI.Infrastructure.Middleware.ExceptionHandlingMiddleware","Message":"API Exception: Your account is locked. Please contact support. (StatusCode: 400)","State":{"Message":"API Exception: Your account is locked. Please contact support. (StatusCode: 400)","Message":"Your account is locked. Please contact support.","StatusCode":400,"{OriginalFormat}":"API Exception: {Message} (StatusCode: {StatusCode})"},"Scopes":[{"Message":"SpanId:5fd822b511301aff, TraceId:2fa9538cfb827901588be7d98abd7e82, ParentId:0000000000000000","SpanId":"5fd822b511301aff","TraceId":"2fa9538cfb827901588be7d98abd7e82","ParentId":"0000000000000000"},{"Message":"RequestPath:/api/v1/authenticate/login RequestId:0HNFM0NVS17EU","RequestId":"0HNFM0NVS17EU","RequestPath":"/api/v1/authenticate/login"}]}&#xD;
[xUnit.net 00:00:13.12]       System.Net.Http.HttpRequestException : Response status code does not indicate success: 401 (Unauthorized).&#xD;
[xUnit.net 00:00:13.12]       Stack Trace:&#xD;
[xUnit.net 00:00:13.12]            at System.Net.Http.HttpResponseMessage.EnsureSuccessStatusCode()&#xD;
[xUnit.net 00:00:13.12]         C:\Users\brand\Desktop\BCMTrac Auth Service\AuthenticationAPI\AuthenticationAPI.IntegrationTests\AdminAndMoreTests.cs(170,0): at AuthenticationAPI.IntegrationTests.AdminAndMoreTests.Admin_Lock_Unlock_User()&#xD;
[xUnit.net 00:00:13.12]         --- End of stack trace from previous location ---&#xD;
[xUnit.net 00:00:13.72]       System.Net.Http.HttpRequestException : Response status code does not indicate success: 401 (Unauthorized).&#xD;
[xUnit.net 00:00:13.72]       Stack Trace:&#xD;
[xUnit.net 00:00:13.72]            at System.Net.Http.HttpResponseMessage.EnsureSuccessStatusCode()&#xD;
[xUnit.net 00:00:13.72]         C:\Users\brand\Desktop\BCMTrac Auth Service\AuthenticationAPI\AuthenticationAPI.IntegrationTests\AdminAndMoreTests.cs(52,0): at AuthenticationAPI.IntegrationTests.AdminAndMoreTests.Admin_Invite_Activate_User()&#xD;
[xUnit.net 00:00:13.72]         --- End of stack trace from previous location ---&#xD;
[xUnit.net 00:00:14.06]   Finished:    AuthenticationAPI.IntegrationTests&#xD;
</StdOut>
    </Output>
    <RunInfos>
      <RunInfo computerName="BRANDONWINDOWS" outcome="Error" timestamp="2025-09-17T18:19:40.9273393+02:00">
        <Text>[xUnit.net 00:00:04.86]     AuthenticationAPI.IntegrationTests.AdminInviteActivateTests.Admin_Invites_User_User_Activates_With_Roles [FAIL]</Text>
      </RunInfo>
      <RunInfo computerName="BRANDONWINDOWS" outcome="Error" timestamp="2025-09-17T18:19:42.2898678+02:00">
        <Text>[xUnit.net 00:00:06.21]     AuthenticationAPI.IntegrationTests.MfaFlowTests.Enable_MFA_Login_With_Totp_Then_Disable [FAIL]</Text>
      </RunInfo>
      <RunInfo computerName="BRANDONWINDOWS" outcome="Error" timestamp="2025-09-17T18:19:42.4850359+02:00">
        <Text>[xUnit.net 00:00:06.42]     AuthenticationAPI.IntegrationTests.ChangeEmailTests.Change_Email_Bumps_TokenVersion_And_Revokes_Refresh [FAIL]</Text>
      </RunInfo>
      <RunInfo computerName="BRANDONWINDOWS" outcome="Error" timestamp="2025-09-17T18:19:42.4911402+02:00">
        <Text>[xUnit.net 00:00:06.42]     AuthenticationAPI.IntegrationTests.AdminLockUnlockTests.Admin_Locks_And_Unlocks_User [FAIL]</Text>
      </RunInfo>
      <RunInfo computerName="BRANDONWINDOWS" outcome="Error" timestamp="2025-09-17T18:19:42.4952821+02:00">
        <Text>[xUnit.net 00:00:06.43]     AuthenticationAPI.IntegrationTests.LogoutAllTests.LogoutAll_Revokes_Sessions_And_Invalidates_Tokens [FAIL]</Text>
      </RunInfo>
      <RunInfo computerName="BRANDONWINDOWS" outcome="Error" timestamp="2025-09-17T18:19:42.5458839+02:00">
        <Text>[xUnit.net 00:00:06.48]     AuthenticationAPI.IntegrationTests.AdminRoleManagementTests.Admin_Adds_And_Removes_Role [FAIL]</Text>
      </RunInfo>
      <RunInfo computerName="BRANDONWINDOWS" outcome="Error" timestamp="2025-09-17T18:19:45.9236256+02:00">
        <Text>[xUnit.net 00:00:09.86]     AuthenticationAPI.IntegrationTests.AdminAndMoreTests.Admin_Sessions_List_Revoke_One_And_All [FAIL]</Text>
      </RunInfo>
      <RunInfo computerName="BRANDONWINDOWS" outcome="Error" timestamp="2025-09-17T18:19:47.5769730+02:00">
        <Text>[xUnit.net 00:00:11.51]     AuthenticationAPI.IntegrationTests.AdminAndMoreTests.Admin_Roles_Add_Remove [FAIL]</Text>
      </RunInfo>
      <RunInfo computerName="BRANDONWINDOWS" outcome="Error" timestamp="2025-09-17T18:19:49.1884256+02:00">
        <Text>[xUnit.net 00:00:13.12]     AuthenticationAPI.IntegrationTests.AdminAndMoreTests.Admin_Lock_Unlock_User [FAIL]</Text>
      </RunInfo>
      <RunInfo computerName="BRANDONWINDOWS" outcome="Error" timestamp="2025-09-17T18:19:49.7852236+02:00">
        <Text>[xUnit.net 00:00:13.72]     AuthenticationAPI.IntegrationTests.AdminAndMoreTests.Admin_Invite_Activate_User [FAIL]</Text>
      </RunInfo>
    </RunInfos>
  </ResultSummary>
</TestRun>